Microchip MPLAB XC8 Compiler V2.40

Linker command line:

-W-3 \
  --edf=C:\Program Files\Microchip\xc8\v2.40\pic\dat\20220703182018_en.msgs \
  -cn \
  -h+dist/default/production\8_bit_Microcontroller_Interface.production.sym \
  --cmf=dist/default/production\8_bit_Microcontroller_Interface.production.cmf \
  -z -Q18F4620 -oC:\Users\ALYAHM~1\AppData\Local\Temp\xcAs8g4.4 \
  --defsym=__MPLAB_BUILD=1 --fixupoverflow=error \
  -Mdist/default/production/8_bit_Microcontroller_Interface.production.map \
  --md=C:\Users\ALYAHM~1\AppData\Local\Temp\xcAs8g4.dat -E1 \
  -ver=XC8 Compiler --acfsm=1493 -ACODE=00h-0FFFFh -ACONST=00h-0FFFFh \
  -ASMALLCONST=01000h-010FFhx240 -AMEDIUMCONST=01000h-0FFFFh \
  -ACOMRAM=01h-07Fh -AABS1=00h-0F7Fh -ABIGRAM=01h-0F7Fh \
  -ARAM=080h-0FFh,0100h-01FFhx14,0F00h-0F7Fh -ABANK0=080h-0FFh \
  -ABANK1=0100h-01FFh -ABANK2=0200h-02FFh -ABANK3=0300h-03FFh \
  -ABANK4=0400h-04FFh -ABANK5=0500h-05FFh -ABANK6=0600h-06FFh \
  -ABANK7=0700h-07FFh -ABANK8=0800h-08FFh -ABANK9=0900h-09FFh \
  -ABANK10=0A00h-0AFFh -ABANK11=0B00h-0BFFh -ABANK12=0C00h-0CFFh \
  -ABANK13=0D00h-0DFFh -ABANK14=0E00h-0EFFh -ABANK15=0F00h-0F7Fh \
  -ASFR=0F80h-0FFFh -ABIGSFR=0F80h-0FFFh -ACONFIG=0300000h-030000Dh \
  -AIDLOC=0200000h-0200007h -AEEDATA=0F00000h-0F003FFh -peeprom_data=EEDATA \
  -preset_vec=00h,intcode=08h,intcodelo=018h,powerup,init -pramtop=01000h \
  -psmallconst=SMALLCONST -pmediumconst=MEDIUMCONST -pconst=CONST \
  -AFARRAM=00h-00h \
  -prdata=COMRAM,nvrram=COMRAM,nvbit=COMRAM,rbss=COMRAM,rbit=COMRAM \
  -pfarbss=FARRAM,fardata=FARRAM,nvFARRAM=FARRAM \
  -pintsave_regs=BIGRAM,bigbss=BIGRAM,bigdata=BIGRAM -pbss=RAM \
  -pidata=CODE,irdata=CODE,ibigdata=CODE,ifardata=CODE -prparam=COMRAM \
  C:\Users\ALYAHM~1\AppData\Local\Temp\xcAs8g4.o \
  dist/default/production\8_bit_Microcontroller_Interface.production.o 

Object code version is 3.11

Machine type is 18F4620



                Name                               Link     Load   Length Selector   Space Scale
C:\Users\ALYAHM~1\AppData\Local\Temp\xcAs8g4.o
                idloc                            200000   200000        8        0       5
                config                           300000   300000        E        0       4
                init                                 3E       3E        4        C       0
                reset_vec                             0        0        4        0       0
dist/default/production\8_bit_Microcontroller_Interface.production.o
                intcodelo                            18       18       26        C       0
                intcode                               8        8        6        4       0
                idloc                            200000   200000        8        0       5
                config                           300000   300000        E        0       4
                temp                                 49       49        1        1       1
                smallconst                         1000     1000       12      800       0
                intcode_body                       19B0     19B0       26      809       0
                text15                             17C4     17C4       72      809       0
                text14                             1752     1752       72      809       0
                text13                             1178     1178      122      809       0
                text12                             1656     1656       84      809       0
                text11                             1012     1012      166      809       0
                text10                             18DC     18DC       30      809       0
                text9                              129A     129A       DC      809       0
                text8                              1960     1960       2A      809       0
                text7                              1936     1936       2A      809       0
                text6                              190C     190C       2A      809       0
                text5                              15B8     15B8       9E      809       0
                text4                              16DA     16DA       78      809       0
                text3                              1438     1438       C2      809       0
                text2                              14FA     14FA       BE      809       0
                text1                              1376     1376       C2      809       0
                text0                              1836     1836       70      809       0
                cstackCOMRAM                         27       27       13        1       1
                dataCOMRAM                            1        1       26        1       1
                bssCOMRAM                            3A       3A        F        1       1
                cinit                              18A6     18A6       36      809       0
                idataCOMRAM                        198A     198A       26      809       0

TOTAL           Name                               Link     Load   Length     Space
        CLASS   CODE           
                intcodelo                            18       18       26         0
                intcode                               8        8        6         0
                init                                 3E       3E        4         0
                reset_vec                             0        0        4         0
                intcode_body                       19B0     19B0       26         0
                text15                             17C4     17C4       72         0
                text14                             1752     1752       72         0
                text13                             1178     1178      122         0
                text12                             1656     1656       84         0
                text11                             1012     1012      166         0
                text10                             18DC     18DC       30         0
                text9                              129A     129A       DC         0
                text8                              1960     1960       2A         0
                text7                              1936     1936       2A         0
                text6                              190C     190C       2A         0
                text5                              15B8     15B8       9E         0
                text4                              16DA     16DA       78         0
                text3                              1438     1438       C2         0
                text2                              14FA     14FA       BE         0
                text1                              1376     1376       C2         0
                text0                              1836     1836       70         0
                cinit                              18A6     18A6       36         0
                idataCOMRAM                        198A     198A       26         0

        CLASS   CONST          

        CLASS   SMALLCONST     
                smallconst                         1000     1000       12         0

        CLASS   MEDIUMCONST    

        CLASS   COMRAM         
                temp                                 49       49        1         1
                cstackCOMRAM                         27       27       13         1
                dataCOMRAM                            1        1       26         1
                bssCOMRAM                            3A       3A        F         1

        CLASS   ABS1           

        CLASS   BIGRAM         

        CLASS   RAM            

        CLASS   BANK0          

        CLASS   BANK1          

        CLASS   BANK2          

        CLASS   BANK3          

        CLASS   BANK4          

        CLASS   BANK5          

        CLASS   BANK6          

        CLASS   BANK7          

        CLASS   BANK8          

        CLASS   BANK9          

        CLASS   BANK10         

        CLASS   BANK11         

        CLASS   BANK12         

        CLASS   BANK13         

        CLASS   BANK14         

        CLASS   BANK15         

        CLASS   SFR            

        CLASS   BIGSFR         

        CLASS   CONFIG         
                config                           300000   300000        E         4

        CLASS   IDLOC          
                idloc                            200000   200000        8         5

        CLASS   EEDATA         

        CLASS   FARRAM         

        CLASS   HEAP           

        CLASS   STACK          



SEGMENTS        Name                           Load    Length   Top    Selector   Space  Class

                reset_vec                      000000  000004  000004         0       0  CODE    
                dataCOMRAM                     000001  000049  00004A         1       1  COMRAM  
                intcode                        000008  000006  00000E         4       0  CODE    
                intcodelo                      000018  00002A  000042         C       0  CODE    
                smallconst                     001000  000012  001012       800       0  SMALLCON
                text11                         001012  0009C4  0019D6       809       0  CODE    


UNUSED ADDRESS RANGES

        Name                Unused          Largest block    Delta
        BANK0            000080-0000FF               80
        BANK1            000100-0001FF              100
        BANK10           000A00-000AFF              100
        BANK11           000B00-000BFF              100
        BANK12           000C00-000CFF              100
        BANK13           000D00-000DFF              100
        BANK14           000E00-000EFF              100
        BANK15           000F00-000F7F               80
        BANK2            000200-0002FF              100
        BANK3            000300-0003FF              100
        BANK4            000400-0004FF              100
        BANK5            000500-0005FF              100
        BANK6            000600-0006FF              100
        BANK7            000700-0007FF              100
        BANK8            000800-0008FF              100
        BANK9            000900-0009FF              100
        BIGRAM           00004A-000F7F              F36
        BIGSFR           000F80-000FFF               80
        CODE             000004-000007                4
                         00000E-000017                A
                         000042-000FFF              FBE
                         0019D6-00FFFF             E62A
        COMRAM           00004A-00007F               36
        CONST            000004-000007                4
                         00000E-000017                A
                         000042-000FFF              FBE
                         0019D6-00FFFF             E62A
        EEDATA           F00000-F003FF              400
        MEDIUMCONST      0019D6-00FFFF             E62A
        RAM              000080-000F7F              100
        SFR              000F80-000FFF               80
        SMALLCONST       0019D6-00FFFF              100

                                  Symbol Table

Interrupt_INTx_Clear_Flag@Int_Obj                  cstackCOMRAM 000029
Interrupt_INTx_Clear_Flag@ret                      cstackCOMRAM 00002D
Interrupt_INTx_Disable@Int_Obj                     cstackCOMRAM 000029
Interrupt_INTx_Disable@ret                         cstackCOMRAM 00002D
Interrupt_INTx_Edge_Init@Int_Obj                   cstackCOMRAM 000029
Interrupt_INTx_Enable@Int_Obj                      cstackCOMRAM 000029
Interrupt_INTx_Enable@ret                          cstackCOMRAM 00002D
Interrupt_INTx_Init@Int_Obj                        cstackCOMRAM 000035
Interrupt_INTx_Init@ret                            cstackCOMRAM 000037
Interrupt_INTx_Pin_Init@Int_Obj                    cstackCOMRAM 000032
Interrupt_INTx_Pin_Init@ret                        cstackCOMRAM 000034
Interrupt_INTx_Priority_Init@Int_Obj               cstackCOMRAM 000029
Relay_TurnOff@F2883                                bssCOMRAM    000040
Relay_TurnOn@F2878                                 bssCOMRAM    000041
Relay_init@F2873                                   bssCOMRAM    000042
Set_INT0_Interrupt_Handller@Int_Interrupt_Handller cstackCOMRAM 000029
Set_INT0_Interrupt_Handller@ret                    cstackCOMRAM 00002B
Set_INT1_Interrupt_Handller@Int_Interrupt_Handller cstackCOMRAM 000029
Set_INT1_Interrupt_Handller@ret                    cstackCOMRAM 00002B
Set_INT2_Interrupt_Handller@Int_Interrupt_Handller cstackCOMRAM 000029
Set_INT2_Interrupt_Handller@ret                    cstackCOMRAM 00002B
Set_INTx_Interrupt_Handller@Int_Obj                cstackCOMRAM 00002C
Set_INTx_Interrupt_Handller@ret                    cstackCOMRAM 000030
_INT0_INTERRUPT                                    dataCOMRAM   00001F
_INTCON2bits                                       (abs)        000FF1
_INTCON3bits                                       (abs)        000FF0
_INTCONbits                                        (abs)        000FF2
_ISR_BUTTON_INT0                                   (abs)        000000
_Int0_Interrupt_Handller                           bssCOMRAM    00003E
_Int1_Interrupt_Handller                           bssCOMRAM    00003C
_Int2_Interrupt_Handller                           bssCOMRAM    00003A
_InterruptMangerHigh                               intcode      000008
_InterruptMangerLow                                intcodelo    000018
_Interrupt_INTx_Clear_Flag                         text15       0017C4
_Interrupt_INTx_Disable                            text14       001752
_Interrupt_INTx_Edge_Init                          text13       001178
_Interrupt_INTx_Enable                             text12       001656
_Interrupt_INTx_Init                               text4        0016DA
_Interrupt_INTx_Pin_Init                           text10       0018DC
_Interrupt_INTx_Priority_Init                      text9        00129A
_LATA                                              (abs)        000F89
_LATB                                              (abs)        000F8A
_LATC                                              (abs)        000F8B
_LATD                                              (abs)        000F8C
_LATE                                              (abs)        000F8D
_PORTA                                             (abs)        000F80
_PORTB                                             (abs)        000F81
_PORTC                                             (abs)        000F82
_PORTD                                             (abs)        000F83
_PORTE                                             (abs)        000F84
_RCONbits                                          (abs)        000FD0
_Set_INT0_Interrupt_Handller                       text8        001960
_Set_INT1_Interrupt_Handller                       text7        001936
_Set_INT2_Interrupt_Handller                       text6        00190C
_Set_INTx_Interrupt_Handller                       text5        0015B8
_TRISA                                             (abs)        000F92
_TRISB                                             (abs)        000F93
_TRISC                                             (abs)        000F94
_TRISD                                             (abs)        000F95
_TRISE                                             (abs)        000F96
_ZERO                                              (abs)        007EC2
__HRAM                                             (abs)        000000
__Habs1                                            abs1         000000
__Hbank0                                           bank0        000000
__Hbank1                                           bank1        000000
__Hbank10                                          bank10       000000
__Hbank11                                          bank11       000000
__Hbank12                                          bank12       000000
__Hbank13                                          bank13       000000
__Hbank14                                          bank14       000000
__Hbank15                                          bank15       000000
__Hbank2                                           bank2        000000
__Hbank3                                           bank3        000000
__Hbank4                                           bank4        000000
__Hbank5                                           bank5        000000
__Hbank6                                           bank6        000000
__Hbank7                                           bank7        000000
__Hbank8                                           bank8        000000
__Hbank9                                           bank9        000000
__Hbigbss                                          bigbss       000000
__Hbigdata                                         bigdata      000000
__Hbigram                                          bigram       000000
__Hbigsfr                                          bigsfr       000000
__Hbss                                             bss          000000
__HbssCOMRAM                                       bssCOMRAM    000000
__Hcinit                                           cinit        000000
__Hclrtext                                         clrtext      000000
__Hcomram                                          comram       000000
__Hconfig                                          config       30000E
__Hconst                                           const        000000
__HcstackCOMRAM                                    cstackCOMRAM 000000
__Hdata                                            data         000000
__HdataCOMRAM                                      dataCOMRAM   000000
__Heeprom_data                                     eeprom_data  000000
__Hfarbss                                          farbss       000000
__Hfardata                                         fardata      000000
__Hheap                                            heap         000000
__Hibigdata                                        ibigdata     000000
__Hidata                                           idata        000000
__HidataCOMRAM                                     idataCOMRAM  000000
__Hidloc                                           idloc        200008
__Hifardata                                        ifardata     000000
__Hinit                                            init         000042
__Hintcode                                         intcode      00000E
__Hintcode_body                                    intcode_body 000000
__Hintcodelo                                       intcodelo    00003E
__Hintentry                                        intentry     000000
__Hintret                                          intret       000000
__Hintsave_regs                                    intsave_regs 000000
__Hirdata                                          irdata       000000
__Hmediumconst                                     mediumconst  000000
__HnvFARRAM                                        nvFARRAM     000000
__Hnvbit                                           nvbit        000000
__Hnvrram                                          nvrram       000000
__Hparam                                           rparam       000000
__Hpowerup                                         powerup      00003E
__Hram                                             ram          000000
__Hramtop                                          ramtop       001000
__Hrbit                                            rbit         000000
__Hrbss                                            rbss         000000
__Hrdata                                           rdata        000000
__Hreset_vec                                       reset_vec    000004
__Hrparam                                          rparam       000000
__Hsfr                                             sfr          000000
__Hsmallconst                                      smallconst   001012
__Hspace_0                                         (abs)        0019D6
__Hspace_1                                         (abs)        00004A
__Hspace_2                                         (abs)        000000
__Hspace_4                                         (abs)        60000E
__Hstack                                           stack        000000
__Hstruct                                          struct       000000
__Htemp                                            temp         00004A
__Htext                                            text         000000
__Htext0                                           text0        000000
__Htext1                                           text1        000000
__Htext10                                          text10       000000
__Htext11                                          text11       000000
__Htext12                                          text12       000000
__Htext13                                          text13       000000
__Htext14                                          text14       000000
__Htext15                                          text15       000000
__Htext2                                           text2        000000
__Htext3                                           text3        000000
__Htext4                                           text4        000000
__Htext5                                           text5        000000
__Htext6                                           text6        000000
__Htext7                                           text7        000000
__Htext8                                           text8        000000
__Htext9                                           text9        000000
__LRAM                                             (abs)        000001
__Labs1                                            abs1         000000
__Lbank0                                           bank0        000000
__Lbank1                                           bank1        000000
__Lbank10                                          bank10       000000
__Lbank11                                          bank11       000000
__Lbank12                                          bank12       000000
__Lbank13                                          bank13       000000
__Lbank14                                          bank14       000000
__Lbank15                                          bank15       000000
__Lbank2                                           bank2        000000
__Lbank3                                           bank3        000000
__Lbank4                                           bank4        000000
__Lbank5                                           bank5        000000
__Lbank6                                           bank6        000000
__Lbank7                                           bank7        000000
__Lbank8                                           bank8        000000
__Lbank9                                           bank9        000000
__Lbigbss                                          bigbss       000000
__Lbigdata                                         bigdata      000000
__Lbigram                                          bigram       000000
__Lbigsfr                                          bigsfr       000000
__Lbss                                             bss          000000
__LbssCOMRAM                                       bssCOMRAM    000000
__Lcinit                                           cinit        000000
__Lclrtext                                         clrtext      000000
__Lcomram                                          comram       000000
__Lconfig                                          config       000000
__Lconst                                           const        000000
__LcstackCOMRAM                                    cstackCOMRAM 000000
__Ldata                                            data         000000
__LdataCOMRAM                                      dataCOMRAM   000000
__Leeprom_data                                     eeprom_data  000000
__Lfarbss                                          farbss       000000
__Lfardata                                         fardata      000000
__Lheap                                            heap         000000
__Libigdata                                        ibigdata     000000
__Lidata                                           idata        000000
__LidataCOMRAM                                     idataCOMRAM  000000
__Lidloc                                           idloc        000000
__Lifardata                                        ifardata     000000
__Linit                                            init         00003E
__Lintcode                                         intcode      000008
__Lintcode_body                                    intcode_body 000000
__Lintcodelo                                       intcodelo    000018
__Lintentry                                        intentry     000000
__Lintret                                          intret       000000
__Lintsave_regs                                    intsave_regs 000000
__Lirdata                                          irdata       000000
__Lmediumconst                                     mediumconst  000000
__LnvFARRAM                                        nvFARRAM     000000
__Lnvbit                                           nvbit        000000
__Lnvrram                                          nvrram       000000
__Lparam                                           rparam       000000
__Lpowerup                                         powerup      00003E
__Lram                                             ram          000000
__Lramtop                                          ramtop       001000
__Lrbit                                            rbit         000000
__Lrbss                                            rbss         000000
__Lrdata                                           rdata        000000
__Lreset_vec                                       reset_vec    000000
__Lrparam                                          rparam       000000
__Lsfr                                             sfr          000000
__Lsmallconst                                      smallconst   001000
__Lspace_0                                         (abs)        000000
__Lspace_1                                         (abs)        000000
__Lspace_2                                         (abs)        000000
__Lspace_4                                         (abs)        000000
__Lstack                                           stack        000000
__Lstruct                                          struct       000000
__Ltemp                                            temp         000049
__Ltext                                            text         000000
__Ltext0                                           text0        000000
__Ltext1                                           text1        000000
__Ltext10                                          text10       000000
__Ltext11                                          text11       000000
__Ltext12                                          text12       000000
__Ltext13                                          text13       000000
__Ltext14                                          text14       000000
__Ltext15                                          text15       000000
__Ltext2                                           text2        000000
__Ltext3                                           text3        000000
__Ltext4                                           text4        000000
__Ltext5                                           text5        000000
__Ltext6                                           text6        000000
__Ltext7                                           text7        000000
__Ltext8                                           text8        000000
__Ltext9                                           text9        000000
__S0                                               (abs)        0019D6
__S1                                               (abs)        00004A
__S4                                               (abs)        000000
__S5                                               (abs)        000000
___heap_hi                                         (abs)        000000
___heap_lo                                         (abs)        000000
___inthi_sp                                        stack        000000
___intlo_sp                                        stack        000000
___param_bank                                      (abs)        000000
___rparam_used                                     (abs)        000001
___sp                                              stack        000000
__accesstop                                        (abs)        000080
__activetblptr                                     (abs)        000003
__end_of_InterruptMangerHigh                       intcode_body 0019D6
__end_of_InterruptMangerLow                        intcodelo    00003E
__end_of_Interrupt_INTx_Clear_Flag                 text15       001836
__end_of_Interrupt_INTx_Disable                    text14       0017C4
__end_of_Interrupt_INTx_Edge_Init                  text13       00129A
__end_of_Interrupt_INTx_Enable                     text12       0016DA
__end_of_Interrupt_INTx_Init                       text4        001752
__end_of_Interrupt_INTx_Pin_Init                   text10       00190C
__end_of_Interrupt_INTx_Priority_Init              text9        001376
__end_of_Set_INT0_Interrupt_Handller               text8        00198A
__end_of_Set_INT1_Interrupt_Handller               text7        001960
__end_of_Set_INT2_Interrupt_Handller               text6        001936
__end_of_Set_INTx_Interrupt_Handller               text5        001656
__end_of__initialization                           cinit        0018D2
__end_of_button_Values                             smallconst   001011
__end_of_gpio_pin_direction_init                   text11       001178
__end_of_gpio_pin_toggle_logic                     text2        0015B8
__end_of_led_init                                  text3        0014FA
__end_of_led_toggle_state                          text1        001438
__end_of_main                                      text0        0018A6
__initialization                                   cinit        0018A6
__mediumconst                                      mediumconst  000000
__pbssCOMRAM                                       bssCOMRAM    00003A
__pcinit                                           cinit        0018A6
__pcstackCOMRAM                                    cstackCOMRAM 000027
__pdataCOMRAM                                      dataCOMRAM   000001
__pidataCOMRAM                                     idataCOMRAM  00198A
__pintcode                                         intcode      000008
__pintcode_body                                    intcode_body 0019B0
__pintcodelo                                       intcodelo    000018
__psmallconst                                      smallconst   001000
__ptext0                                           text0        001836
__ptext1                                           text1        001376
__ptext10                                          text10       0018DC
__ptext11                                          text11       001012
__ptext12                                          text12       001656
__ptext13                                          text13       001178
__ptext14                                          text14       001752
__ptext15                                          text15       0017C4
__ptext2                                           text2        0014FA
__ptext3                                           text3        001438
__ptext4                                           text4        0016DA
__ptext5                                           text5        0015B8
__ptext6                                           text6        00190C
__ptext7                                           text7        001936
__ptext8                                           text8        001960
__ptext9                                           text9        00129A
__ramtop                                           ramtop       001000
__smallconst                                       smallconst   001000
_gpio_pin_direction_init                           text11       001012
_gpio_pin_toggle_logic                             text2        0014FA
_lat_registers                                     dataCOMRAM   000001
_led1                                              dataCOMRAM   000026
_led2                                              dataCOMRAM   000025
_led_init                                          text3        001438
_led_toggle_state                                  text1        001376
_main                                              text0        001836
_pin1                                              bssCOMRAM    000048
_pin2                                              bssCOMRAM    000047
_port_registers                                    dataCOMRAM   00000B
_tris_registers                                    dataCOMRAM   000015
btemp                                              temp         000049
end_of_initialization                              cinit        0018D2
gpio_pin_direction_init@_pin_config                cstackCOMRAM 000029
gpio_pin_direction_init@ret                        cstackCOMRAM 000031
gpio_pin_toggle_logic@_pin_config                  cstackCOMRAM 000029
gpio_pin_toggle_logic@ret                          cstackCOMRAM 000030
int$flags                                          temp         000049
int_func                                           intcode_body 0019B0
intlevel0                                          text         000000
intlevel1                                          text         000000
intlevel2                                          text         000000
intlevel3                                          text         000000
isa$std                                            (abs)        000001
isa$xinst                                          (abs)        000000
led_init@F2879                                     bssCOMRAM    000046
led_init@Pin_obj                                   cstackCOMRAM 000036
led_init@led                                       cstackCOMRAM 000032
led_init@ret                                       cstackCOMRAM 000035
led_toggle_state@F2894                             bssCOMRAM    000043
led_toggle_state@Pin_obj                           cstackCOMRAM 000035
led_toggle_state@led                               cstackCOMRAM 000031
led_toggle_state@ret                               cstackCOMRAM 000034
led_turn_off@F2889                                 bssCOMRAM    000044
led_turn_on@F2884                                  bssCOMRAM    000045
stackhi                                            (abs)        000000
stacklo                                            (abs)        000000
start                                              init         00003E
start_initialization                               cinit        0018A6
ttemp5                                             temp         00004A
ttemp6                                             temp         00004D
ttemp7                                             temp         000051
wtemp8                                             temp         00004A


MODULE INFORMATION

Module		Function		Class		Link	Load	Size
MCAL_LAYER/INTERRUPT/mcal_Interrupt_Manger.c
		_InterruptMangerLow		CODE           	0018	0000	38
		_InterruptMangerHigh		CODE           	0008	0000	44

MCAL_LAYER/INTERRUPT/mcal_Interrupt_Manger.c estimated size: 82

MCAL_LAYER/GPIO/HAL_GPIO.c
		_gpio_pin_direction_init		CODE           	1012	0000	358
		_gpio_pin_toggle_logic		CODE           	14FA	0000	190

MCAL_LAYER/GPIO/HAL_GPIO.c estimated size: 548

Application.c
		_main          		CODE           	1836	0000	112

Application.c estimated size: 112

shared
		_button_Values 		SMALLCONST     	0000	0000	0
		__initialization		CODE           	18A6	0000	44

shared estimated size: 44

MCAL_LAYER/INTERRUPT/mcal_External_Interrupt.c
		_Set_INT0_Interrupt_Handller		CODE           	1960	0000	42
		_Set_INT1_Interrupt_Handller		CODE           	1936	0000	42
		_Set_INT2_Interrupt_Handller		CODE           	190C	0000	42
		_Set_INTx_Interrupt_Handller		CODE           	15B8	0000	158
		_Interrupt_INTx_Clear_Flag		CODE           	17C4	0000	114
		_Interrupt_INTx_Enable		CODE           	1656	0000	132
		_Interrupt_INTx_Priority_Init		CODE           	129A	0000	220
		_Interrupt_INTx_Edge_Init		CODE           	1178	0000	290
		_Interrupt_INTx_Init		CODE           	16DA	0000	120
		_Interrupt_INTx_Disable		CODE           	1752	0000	114
		_Interrupt_INTx_Pin_Init		CODE           	18DC	0000	48

MCAL_LAYER/INTERRUPT/mcal_External_Interrupt.c estimated size: 1322

ECU_LAYER/LED/ECU_LED.c
		_led_init      		CODE           	1438	0000	194
		_led_toggle_state		CODE           	1376	0000	194

ECU_LAYER/LED/ECU_LED.c estimated size: 388

