Microchip MPLAB XC8 Compiler V2.40

Linker command line:

-W-3 \
  --edf=C:\Program Files\Microchip\xc8\v2.40\pic\dat\20220703182018_en.msgs \
  -cn \
  -h+dist/default/production\8_bit_Microcontroller_Interface.production.sym \
  --cmf=dist/default/production\8_bit_Microcontroller_Interface.production.cmf \
  -z -Q18F4620 -oC:\Users\ALYAHM~1\AppData\Local\Temp\xcAs57k.4 \
  --defsym=__MPLAB_BUILD=1 --fixupoverflow=error \
  -Mdist/default/production/8_bit_Microcontroller_Interface.production.map \
  --md=C:\Users\ALYAHM~1\AppData\Local\Temp\xcAs57k.dat -E1 \
  -ver=XC8 Compiler --acfsm=1493 -ACODE=00h-0FFFFh -ACONST=00h-0FFFFh \
  -ASMALLCONST=01000h-010FFhx240 -AMEDIUMCONST=01000h-0FFFFh \
  -ACOMRAM=01h-07Fh -AABS1=00h-0F7Fh -ABIGRAM=01h-0F7Fh \
  -ARAM=080h-0FFh,0100h-01FFhx14,0F00h-0F7Fh -ABANK0=080h-0FFh \
  -ABANK1=0100h-01FFh -ABANK2=0200h-02FFh -ABANK3=0300h-03FFh \
  -ABANK4=0400h-04FFh -ABANK5=0500h-05FFh -ABANK6=0600h-06FFh \
  -ABANK7=0700h-07FFh -ABANK8=0800h-08FFh -ABANK9=0900h-09FFh \
  -ABANK10=0A00h-0AFFh -ABANK11=0B00h-0BFFh -ABANK12=0C00h-0CFFh \
  -ABANK13=0D00h-0DFFh -ABANK14=0E00h-0EFFh -ABANK15=0F00h-0F7Fh \
  -ASFR=0F80h-0FFFh -ABIGSFR=0F80h-0FFFh -ACONFIG=0300000h-030000Dh \
  -AIDLOC=0200000h-0200007h -AEEDATA=0F00000h-0F003FFh -peeprom_data=EEDATA \
  -preset_vec=00h,intcode=08h,intcodelo=018h,powerup,init -pramtop=01000h \
  -psmallconst=SMALLCONST -pmediumconst=MEDIUMCONST -pconst=CONST \
  -AFARRAM=00h-00h \
  -prdata=COMRAM,nvrram=COMRAM,nvbit=COMRAM,rbss=COMRAM,rbit=COMRAM \
  -pfarbss=FARRAM,fardata=FARRAM,nvFARRAM=FARRAM \
  -pintsave_regs=BIGRAM,bigbss=BIGRAM,bigdata=BIGRAM -pbss=RAM \
  -pidata=CODE,irdata=CODE,ibigdata=CODE,ifardata=CODE -prparam=COMRAM \
  C:\Users\ALYAHM~1\AppData\Local\Temp\xcAs57k.o \
  dist/default/production\8_bit_Microcontroller_Interface.production.o 

Object code version is 3.11

Machine type is 18F4620



                Name                               Link     Load   Length Selector   Space Scale
C:\Users\ALYAHM~1\AppData\Local\Temp\xcAs57k.o
                idloc                            200000   200000        8        0       5
                config                           300000   300000        E        0       4
                init                                 3E       3E        4        C       0
                reset_vec                             0        0        4        0       0
dist/default/production\8_bit_Microcontroller_Interface.production.o
                intcodelo                            18       18       26        C       0
                intcode                               8        8        6        4       0
                idloc                            200000   200000        8        0       5
                config                           300000   300000        E        0       4
                temp                                 61       61        1        1       1
                smallconst                         1000     1000       18      800       0
                intcode_body                       1E2E     1E2E       26      80C       0
                text17                             1018     1018      166      80C       0
                text16                             117E     117E      14E      80C       0
                text15                             1B5C     1B5C       8E      80C       0
                text14                             1418     1418      14C      80C       0
                text13                             168C     168C      128      80C       0
                text12                             194A     194A       BE      80C       0
                text11                             1564     1564      128      80C       0
                text10                             1AB2     1AB2       AA      80C       0
                text9                              12CC     12CC      14C      80C       0
                text8                              1D84     1D84       46      80C       0
                text7                              1A08     1A08       AA      80C       0
                text6                              188C     188C       BE      80C       0
                text5                              1D3E     1D3E       46      80C       0
                text4                              1C4C     1C4C       62      80C       0
                text3                              1CF6     1CF6       48      80C       0
                text2                              1BEA     1BEA       62      80C       0
                text1                              1CAE     1CAE       48      80C       0
                text0                              17B4     17B4       D8      80C       0
                cstackCOMRAM                         2F       2F       23        1       1
                dataCOMRAM                            1        1       2E        1       1
                bssCOMRAM                            52       52        F        1       1
                cinit                              1DCA     1DCA       36      80C       0
                idataCOMRAM                        1E00     1E00       2E      80C       0

TOTAL           Name                               Link     Load   Length     Space
        CLASS   CODE           
                intcodelo                            18       18       26         0
                intcode                               8        8        6         0
                init                                 3E       3E        4         0
                reset_vec                             0        0        4         0
                intcode_body                       1E2E     1E2E       26         0
                text17                             1018     1018      166         0
                text16                             117E     117E      14E         0
                text15                             1B5C     1B5C       8E         0
                text14                             1418     1418      14C         0
                text13                             168C     168C      128         0
                text12                             194A     194A       BE         0
                text11                             1564     1564      128         0
                text10                             1AB2     1AB2       AA         0
                text9                              12CC     12CC      14C         0
                text8                              1D84     1D84       46         0
                text7                              1A08     1A08       AA         0
                text6                              188C     188C       BE         0
                text5                              1D3E     1D3E       46         0
                text4                              1C4C     1C4C       62         0
                text3                              1CF6     1CF6       48         0
                text2                              1BEA     1BEA       62         0
                text1                              1CAE     1CAE       48         0
                text0                              17B4     17B4       D8         0
                cinit                              1DCA     1DCA       36         0
                idataCOMRAM                        1E00     1E00       2E         0

        CLASS   CONST          

        CLASS   SMALLCONST     
                smallconst                         1000     1000       18         0

        CLASS   MEDIUMCONST    

        CLASS   COMRAM         
                temp                                 61       61        1         1
                cstackCOMRAM                         2F       2F       23         1
                dataCOMRAM                            1        1       2E         1
                bssCOMRAM                            52       52        F         1

        CLASS   ABS1           

        CLASS   BIGRAM         

        CLASS   RAM            

        CLASS   BANK0          

        CLASS   BANK1          

        CLASS   BANK2          

        CLASS   BANK3          

        CLASS   BANK4          

        CLASS   BANK5          

        CLASS   BANK6          

        CLASS   BANK7          

        CLASS   BANK8          

        CLASS   BANK9          

        CLASS   BANK10         

        CLASS   BANK11         

        CLASS   BANK12         

        CLASS   BANK13         

        CLASS   BANK14         

        CLASS   BANK15         

        CLASS   SFR            

        CLASS   BIGSFR         

        CLASS   CONFIG         
                config                           300000   300000        E         4

        CLASS   IDLOC          
                idloc                            200000   200000        8         5

        CLASS   EEDATA         

        CLASS   FARRAM         

        CLASS   HEAP           

        CLASS   STACK          



SEGMENTS        Name                           Load    Length   Top    Selector   Space  Class

                reset_vec                      000000  000004  000004         0       0  CODE    
                dataCOMRAM                     000001  000061  000062         1       1  COMRAM  
                intcode                        000008  000006  00000E         4       0  CODE    
                intcodelo                      000018  00002A  000042         C       0  CODE    
                smallconst                     001000  000018  001018       800       0  SMALLCON
                text17                         001018  000E3C  001E54       80C       0  CODE    


UNUSED ADDRESS RANGES

        Name                Unused          Largest block    Delta
        BANK0            000080-0000FF               80
        BANK1            000100-0001FF              100
        BANK10           000A00-000AFF              100
        BANK11           000B00-000BFF              100
        BANK12           000C00-000CFF              100
        BANK13           000D00-000DFF              100
        BANK14           000E00-000EFF              100
        BANK15           000F00-000F7F               80
        BANK2            000200-0002FF              100
        BANK3            000300-0003FF              100
        BANK4            000400-0004FF              100
        BANK5            000500-0005FF              100
        BANK6            000600-0006FF              100
        BANK7            000700-0007FF              100
        BANK8            000800-0008FF              100
        BANK9            000900-0009FF              100
        BIGRAM           000062-000F7F              F1E
        BIGSFR           000F80-000FFF               80
        CODE             000004-000007                4
                         00000E-000017                A
                         000042-000FFF              FBE
                         001E54-00FFFF             E1AC
        COMRAM           000062-00007F               1E
        CONST            000004-000007                4
                         00000E-000017                A
                         000042-000FFF              FBE
                         001E54-00FFFF             E1AC
        EEDATA           F00000-F003FF              400
        MEDIUMCONST      001E54-00FFFF             E1AC
        RAM              000080-000F7F              100
        SFR              000F80-000FFF               80
        SMALLCONST       001E54-00FFFF              100

                                  Symbol Table

Relay_TurnOff@F2883                 bssCOMRAM    000058
Relay_TurnOn@F2878                  bssCOMRAM    000059
Relay_init@F2873                    bssCOMRAM    00005A
_INTCON2bits                        (abs)        000FF1
_INTCON3bits                        (abs)        000FF0
_INTCONbits                         (abs)        000FF2
_Int0_Interrupt_Handller            bssCOMRAM    000056
_Int1_Interrupt_Handller            bssCOMRAM    000054
_Int2_Interrupt_Handller            bssCOMRAM    000052
_InterruptMangerHigh                intcode      000008
_InterruptMangerLow                 intcodelo    000018
_LATA                               (abs)        000F89
_LATB                               (abs)        000F8A
_LATC                               (abs)        000F8B
_LATD                               (abs)        000F8C
_LATE                               (abs)        000F8D
_PORTA                              (abs)        000F80
_PORTB                              (abs)        000F81
_PORTC                              (abs)        000F82
_PORTD                              (abs)        000F83
_PORTE                              (abs)        000F84
_RCONbits                           (abs)        000FD0
_TRISA                              (abs)        000F92
_TRISB                              (abs)        000F93
_TRISC                              (abs)        000F94
_TRISD                              (abs)        000F95
_TRISE                              (abs)        000F96
_ZERO                               (abs)        007EC2
__HRAM                              (abs)        000000
__Habs1                             abs1         000000
__Hbank0                            bank0        000000
__Hbank1                            bank1        000000
__Hbank10                           bank10       000000
__Hbank11                           bank11       000000
__Hbank12                           bank12       000000
__Hbank13                           bank13       000000
__Hbank14                           bank14       000000
__Hbank15                           bank15       000000
__Hbank2                            bank2        000000
__Hbank3                            bank3        000000
__Hbank4                            bank4        000000
__Hbank5                            bank5        000000
__Hbank6                            bank6        000000
__Hbank7                            bank7        000000
__Hbank8                            bank8        000000
__Hbank9                            bank9        000000
__Hbigbss                           bigbss       000000
__Hbigdata                          bigdata      000000
__Hbigram                           bigram       000000
__Hbigsfr                           bigsfr       000000
__Hbss                              bss          000000
__HbssCOMRAM                        bssCOMRAM    000000
__Hcinit                            cinit        000000
__Hclrtext                          clrtext      000000
__Hcomram                           comram       000000
__Hconfig                           config       30000E
__Hconst                            const        000000
__HcstackCOMRAM                     cstackCOMRAM 000000
__Hdata                             data         000000
__HdataCOMRAM                       dataCOMRAM   000000
__Heeprom_data                      eeprom_data  000000
__Hfarbss                           farbss       000000
__Hfardata                          fardata      000000
__Hheap                             heap         000000
__Hibigdata                         ibigdata     000000
__Hidata                            idata        000000
__HidataCOMRAM                      idataCOMRAM  000000
__Hidloc                            idloc        200008
__Hifardata                         ifardata     000000
__Hinit                             init         000042
__Hintcode                          intcode      00000E
__Hintcode_body                     intcode_body 000000
__Hintcodelo                        intcodelo    00003E
__Hintentry                         intentry     000000
__Hintret                           intret       000000
__Hintsave_regs                     intsave_regs 000000
__Hirdata                           irdata       000000
__Hmediumconst                      mediumconst  000000
__HnvFARRAM                         nvFARRAM     000000
__Hnvbit                            nvbit        000000
__Hnvrram                           nvrram       000000
__Hparam                            rparam       000000
__Hpowerup                          powerup      00003E
__Hram                              ram          000000
__Hramtop                           ramtop       001000
__Hrbit                             rbit         000000
__Hrbss                             rbss         000000
__Hrdata                            rdata        000000
__Hreset_vec                        reset_vec    000004
__Hrparam                           rparam       000000
__Hsfr                              sfr          000000
__Hsmallconst                       smallconst   001018
__Hspace_0                          (abs)        001E54
__Hspace_1                          (abs)        000062
__Hspace_2                          (abs)        000000
__Hspace_4                          (abs)        60000E
__Hstack                            stack        000000
__Hstruct                           struct       000000
__Htemp                             temp         000062
__Htext                             text         000000
__Htext0                            text0        000000
__Htext1                            text1        000000
__Htext10                           text10       000000
__Htext11                           text11       000000
__Htext12                           text12       000000
__Htext13                           text13       000000
__Htext14                           text14       000000
__Htext15                           text15       000000
__Htext16                           text16       000000
__Htext17                           text17       000000
__Htext2                            text2        000000
__Htext3                            text3        000000
__Htext4                            text4        000000
__Htext5                            text5        000000
__Htext6                            text6        000000
__Htext7                            text7        000000
__Htext8                            text8        000000
__Htext9                            text9        000000
__LRAM                              (abs)        000001
__Labs1                             abs1         000000
__Lbank0                            bank0        000000
__Lbank1                            bank1        000000
__Lbank10                           bank10       000000
__Lbank11                           bank11       000000
__Lbank12                           bank12       000000
__Lbank13                           bank13       000000
__Lbank14                           bank14       000000
__Lbank15                           bank15       000000
__Lbank2                            bank2        000000
__Lbank3                            bank3        000000
__Lbank4                            bank4        000000
__Lbank5                            bank5        000000
__Lbank6                            bank6        000000
__Lbank7                            bank7        000000
__Lbank8                            bank8        000000
__Lbank9                            bank9        000000
__Lbigbss                           bigbss       000000
__Lbigdata                          bigdata      000000
__Lbigram                           bigram       000000
__Lbigsfr                           bigsfr       000000
__Lbss                              bss          000000
__LbssCOMRAM                        bssCOMRAM    000000
__Lcinit                            cinit        000000
__Lclrtext                          clrtext      000000
__Lcomram                           comram       000000
__Lconfig                           config       000000
__Lconst                            const        000000
__LcstackCOMRAM                     cstackCOMRAM 000000
__Ldata                             data         000000
__LdataCOMRAM                       dataCOMRAM   000000
__Leeprom_data                      eeprom_data  000000
__Lfarbss                           farbss       000000
__Lfardata                          fardata      000000
__Lheap                             heap         000000
__Libigdata                         ibigdata     000000
__Lidata                            idata        000000
__LidataCOMRAM                      idataCOMRAM  000000
__Lidloc                            idloc        000000
__Lifardata                         ifardata     000000
__Linit                             init         00003E
__Lintcode                          intcode      000008
__Lintcode_body                     intcode_body 000000
__Lintcodelo                        intcodelo    000018
__Lintentry                         intentry     000000
__Lintret                           intret       000000
__Lintsave_regs                     intsave_regs 000000
__Lirdata                           irdata       000000
__Lmediumconst                      mediumconst  000000
__LnvFARRAM                         nvFARRAM     000000
__Lnvbit                            nvbit        000000
__Lnvrram                           nvrram       000000
__Lparam                            rparam       000000
__Lpowerup                          powerup      00003E
__Lram                              ram          000000
__Lramtop                           ramtop       001000
__Lrbit                             rbit         000000
__Lrbss                             rbss         000000
__Lrdata                            rdata        000000
__Lreset_vec                        reset_vec    000000
__Lrparam                           rparam       000000
__Lsfr                              sfr          000000
__Lsmallconst                       smallconst   001000
__Lspace_0                          (abs)        000000
__Lspace_1                          (abs)        000000
__Lspace_2                          (abs)        000000
__Lspace_4                          (abs)        000000
__Lstack                            stack        000000
__Lstruct                           struct       000000
__Ltemp                             temp         000061
__Ltext                             text         000000
__Ltext0                            text0        000000
__Ltext1                            text1        000000
__Ltext10                           text10       000000
__Ltext11                           text11       000000
__Ltext12                           text12       000000
__Ltext13                           text13       000000
__Ltext14                           text14       000000
__Ltext15                           text15       000000
__Ltext16                           text16       000000
__Ltext17                           text17       000000
__Ltext2                            text2        000000
__Ltext3                            text3        000000
__Ltext4                            text4        000000
__Ltext5                            text5        000000
__Ltext6                            text6        000000
__Ltext7                            text7        000000
__Ltext8                            text8        000000
__Ltext9                            text9        000000
__S0                                (abs)        001E54
__S1                                (abs)        000062
__S4                                (abs)        000000
__S5                                (abs)        000000
___heap_hi                          (abs)        000000
___heap_lo                          (abs)        000000
___inthi_sp                         stack        000000
___intlo_sp                         stack        000000
___param_bank                       (abs)        000000
___rparam_used                      (abs)        000001
___sp                               stack        000000
__accesstop                         (abs)        000080
__activetblptr                      (abs)        000003
__end_of_InterruptMangerHigh        intcode_body 001E54
__end_of_InterruptMangerLow         intcodelo    00003E
__end_of__initialization            cinit        001DF6
__end_of_button_Values              smallconst   001011
__end_of_gpio_pin_direction_init    text17       00117E
__end_of_gpio_pin_init              text15       001BEA
__end_of_gpio_pin_write_logic       text16       0012CC
__end_of_lcd_4bit_set_cursor        text10       001B5C
__end_of_lcd_8bit_set_cursor        text7        001AB2
__end_of_lcd_init_4bit              text13       0017B4
__end_of_lcd_init_8bit              text11       00168C
__end_of_lcd_send_command_4bit      text14       001564
__end_of_lcd_send_command_8bit      text12       001A08
__end_of_lcd_send_data_4bit         text9        001418
__end_of_lcd_send_data_8bit         text6        00194A
__end_of_lcd_send_data_pos_4bit     text8        001DCA
__end_of_lcd_send_data_pos_8bit     text5        001D84
__end_of_lcd_send_string_4bit       text4        001CAE
__end_of_lcd_send_string_8bit       text2        001C4C
__end_of_lcd_send_string_pos_4bit   text3        001D3E
__end_of_lcd_send_string_pos_8bit   text1        001CF6
__end_of_main                       text0        00188C
__initialization                    cinit        001DCA
__mediumconst                       mediumconst  000000
__pbssCOMRAM                        bssCOMRAM    000052
__pcinit                            cinit        001DCA
__pcstackCOMRAM                     cstackCOMRAM 00002F
__pdataCOMRAM                       dataCOMRAM   000001
__pidataCOMRAM                      idataCOMRAM  001E00
__pintcode                          intcode      000008
__pintcode_body                     intcode_body 001E2E
__pintcodelo                        intcodelo    000018
__psmallconst                       smallconst   001000
__ptext0                            text0        0017B4
__ptext1                            text1        001CAE
__ptext10                           text10       001AB2
__ptext11                           text11       001564
__ptext12                           text12       00194A
__ptext13                           text13       00168C
__ptext14                           text14       001418
__ptext15                           text15       001B5C
__ptext16                           text16       00117E
__ptext17                           text17       001018
__ptext2                            text2        001BEA
__ptext3                            text3        001CF6
__ptext4                            text4        001C4C
__ptext5                            text5        001D3E
__ptext6                            text6        00188C
__ptext7                            text7        001A08
__ptext8                            text8        001D84
__ptext9                            text9        0012CC
__ramtop                            ramtop       001000
__smallconst                        smallconst   001000
_gpio_pin_direction_init            text17       001018
_gpio_pin_init                      text15       001B5C
_gpio_pin_write_logic               text16       00117E
_lat_registers                      dataCOMRAM   000001
_lcd1                               dataCOMRAM   000029
_lcd2                               dataCOMRAM   00001F
_lcd_4bit_set_cursor                text10       001AB2
_lcd_8bit_set_cursor                text7        001A08
_lcd_init_4bit                      text13       00168C
_lcd_init_8bit                      text11       001564
_lcd_send_command_4bit              text14       001418
_lcd_send_command_8bit              text12       00194A
_lcd_send_data_4bit                 text9        0012CC
_lcd_send_data_8bit                 text6        00188C
_lcd_send_data_pos_4bit             text8        001D84
_lcd_send_data_pos_8bit             text5        001D3E
_lcd_send_string_4bit               text4        001C4C
_lcd_send_string_8bit               text2        001BEA
_lcd_send_string_pos_4bit           text3        001CF6
_lcd_send_string_pos_8bit           text1        001CAE
_main                               text0        0017B4
_pin1                               bssCOMRAM    000060
_pin2                               bssCOMRAM    00005F
_port_registers                     dataCOMRAM   00000B
_tris_registers                     dataCOMRAM   000015
btemp                               temp         000061
end_of_initialization               cinit        001DF6
gpio_pin_direction_init@_pin_config cstackCOMRAM 000031
gpio_pin_direction_init@ret         cstackCOMRAM 000039
gpio_pin_init@_pin_config           cstackCOMRAM 00003B
gpio_pin_init@ret                   cstackCOMRAM 00003E
gpio_pin_write_logic@_pin_config    cstackCOMRAM 000031
gpio_pin_write_logic@logic          cstackCOMRAM 000033
gpio_pin_write_logic@ret            cstackCOMRAM 00003A
int$flags                           temp         000061
int_func                            intcode_body 001E2E
intlevel0                           text         000000
intlevel1                           text         000000
intlevel2                           text         000000
intlevel3                           text         000000
isa$std                             (abs)        000001
isa$xinst                           (abs)        000000
lcd_4bit_set_cursor@column          cstackCOMRAM 000047
lcd_4bit_set_cursor@lcd             cstackCOMRAM 000044
lcd_4bit_set_cursor@ret             cstackCOMRAM 00004A
lcd_4bit_set_cursor@row             cstackCOMRAM 000046
lcd_8bit_set_cursor@column          cstackCOMRAM 000047
lcd_8bit_set_cursor@lcd             cstackCOMRAM 000044
lcd_8bit_set_cursor@ret             cstackCOMRAM 00004A
lcd_8bit_set_cursor@row             cstackCOMRAM 000046
lcd_init_4bit@index                 cstackCOMRAM 000048
lcd_init_4bit@lcd                   cstackCOMRAM 000044
lcd_init_4bit@ret                   cstackCOMRAM 000049
lcd_init_8bit@index                 cstackCOMRAM 000048
lcd_init_8bit@lcd                   cstackCOMRAM 000044
lcd_init_8bit@ret                   cstackCOMRAM 000049
lcd_send_command_4bit@command       cstackCOMRAM 00003D
lcd_send_command_4bit@index         cstackCOMRAM 000043
lcd_send_command_4bit@lcd           cstackCOMRAM 00003B
lcd_send_command_4bit@ret           cstackCOMRAM 000042
lcd_send_command_8bit@command       cstackCOMRAM 00003D
lcd_send_command_8bit@index         cstackCOMRAM 000043
lcd_send_command_8bit@lcd           cstackCOMRAM 00003B
lcd_send_command_8bit@ret           cstackCOMRAM 000042
lcd_send_data_4bit@data             cstackCOMRAM 00003D
lcd_send_data_4bit@index            cstackCOMRAM 000043
lcd_send_data_4bit@lcd              cstackCOMRAM 00003B
lcd_send_data_4bit@ret              cstackCOMRAM 000042
lcd_send_data_8bit@data             cstackCOMRAM 00003D
lcd_send_data_8bit@index            cstackCOMRAM 000043
lcd_send_data_8bit@lcd              cstackCOMRAM 00003B
lcd_send_data_8bit@ret              cstackCOMRAM 000042
lcd_send_data_pos_4bit@column       cstackCOMRAM 00004E
lcd_send_data_pos_4bit@data         cstackCOMRAM 00004D
lcd_send_data_pos_4bit@lcd          cstackCOMRAM 00004B
lcd_send_data_pos_4bit@ret          cstackCOMRAM 000050
lcd_send_data_pos_4bit@row          cstackCOMRAM 00004F
lcd_send_data_pos_8bit@column       cstackCOMRAM 00004E
lcd_send_data_pos_8bit@data         cstackCOMRAM 00004D
lcd_send_data_pos_8bit@lcd          cstackCOMRAM 00004B
lcd_send_data_pos_8bit@ret          cstackCOMRAM 000050
lcd_send_data_pos_8bit@row          cstackCOMRAM 00004F
lcd_send_string_4bit@lcd            cstackCOMRAM 000044
lcd_send_string_4bit@ret            cstackCOMRAM 000048
lcd_send_string_4bit@str            cstackCOMRAM 000046
lcd_send_string_8bit@lcd            cstackCOMRAM 000044
lcd_send_string_8bit@ret            cstackCOMRAM 000048
lcd_send_string_8bit@str            cstackCOMRAM 000046
lcd_send_string_pos_4bit@column     cstackCOMRAM 00004F
lcd_send_string_pos_4bit@lcd        cstackCOMRAM 00004B
lcd_send_string_pos_4bit@ret        cstackCOMRAM 000051
lcd_send_string_pos_4bit@row        cstackCOMRAM 000050
lcd_send_string_pos_4bit@str        cstackCOMRAM 00004D
lcd_send_string_pos_8bit@column     cstackCOMRAM 00004F
lcd_send_string_pos_8bit@lcd        cstackCOMRAM 00004B
lcd_send_string_pos_8bit@ret        cstackCOMRAM 000051
lcd_send_string_pos_8bit@row        cstackCOMRAM 000050
lcd_send_string_pos_8bit@str        cstackCOMRAM 00004D
led_init@F2879                      bssCOMRAM    00005E
led_toggle_state@F2894              bssCOMRAM    00005B
led_turn_off@F2889                  bssCOMRAM    00005C
led_turn_on@F2884                   bssCOMRAM    00005D
stackhi                             (abs)        000000
stacklo                             (abs)        000000
start                               init         00003E
start_initialization                cinit        001DCA
ttemp5                              temp         000062
ttemp6                              temp         000065
ttemp7                              temp         000069
wtemp8                              temp         000062


MODULE INFORMATION

Module		Function		Class		Link	Load	Size
MCAL_LAYER/INTERRUPT/mcal_Interrupt_Manger.c
		_InterruptMangerLow		CODE           	0018	0000	38
		_InterruptMangerHigh		CODE           	0008	0000	44

MCAL_LAYER/INTERRUPT/mcal_Interrupt_Manger.c estimated size: 82

MCAL_LAYER/GPIO/HAL_GPIO.c
		_gpio_pin_write_logic		CODE           	117E	0000	334
		_gpio_pin_direction_init		CODE           	1018	0000	358
		_gpio_pin_init 		CODE           	1B5C	0000	142

MCAL_LAYER/GPIO/HAL_GPIO.c estimated size: 834

Application.c
		_main          		CODE           	17B4	0000	216

Application.c estimated size: 216

ECU_LAYER/CHAR_LCD/ECU_CHAR_LCD.c
		_lcd_send_data_pos_4bit		CODE           	1D84	0000	70
		_lcd_init_4bit 		CODE           	168C	0000	296
		_lcd_init_8bit 		CODE           	1564	0000	296
		_lcd_8bit_set_cursor		CODE           	1A08	0000	170
		_lcd_send_string_4bit		CODE           	1C4C	0000	98
		_lcd_send_data_pos_8bit		CODE           	1D3E	0000	70
		_lcd_send_string_8bit		CODE           	1BEA	0000	98
		_lcd_send_string_pos_8bit		CODE           	1CAE	0000	72
		_lcd_4bit_set_cursor		CODE           	1AB2	0000	170
		_lcd_send_command_4bit		CODE           	1418	0000	332
		_lcd_send_command_8bit		CODE           	194A	0000	190
		_lcd_send_data_4bit		CODE           	12CC	0000	332
		_lcd_send_data_8bit		CODE           	188C	0000	190
		_lcd_send_string_pos_4bit		CODE           	1CF6	0000	72

ECU_LAYER/CHAR_LCD/ECU_CHAR_LCD.c estimated size: 2456

shared
		_button_Values 		SMALLCONST     	0000	0000	0
		__initialization		CODE           	1DCA	0000	44

shared estimated size: 44

